// Vitest Snapshot v1, https://vitest.dev/guide/snapshot.html

exports[`should match snapshot 1`] = `
<footer
  className="pb-6"
>
  Powered by Miron Kalenta
</footer>
`;
